// Jest Snapshot v1, https://goo.gl/fbAQLP

exports[`It should render Default correctly 1`] = `
<div>
  <div
    style="width: 90vw; height: 100vh; min-width: 300px;"
  >
    <div>
      Loading
    </div>
  </div>
</div>
`;
